[2025-06-09 09:43:05] INFO [liquibase.ui] ####################################################
##   _     _             _ _                      ##
##  | |   (_)           (_) |                     ##
##  | |    _  __ _ _   _ _| |__   __ _ ___  ___   ##
##  | |   | |/ _` | | | | | '_ \ / _` / __|/ _ \  ##
##  | |___| | (_| | |_| | | |_) | (_| \__ \  __/  ##
##  \_____/_|\__, |\__,_|_|_.__/ \__,_|___/\___|  ##
##              | |                               ##
##              |_|                               ##
##                                                ## 
##  Get documentation at docs.liquibase.com       ##
##  Get certified courses at learn.liquibase.com  ## 
##                                                ##
####################################################
Starting Liquibase at 09:43:05 using Java 23.0.2 (version 4.31.1 #6739 built at 2025-02-13 13:46+0000)
[2025-06-09 09:43:05] INFO [liquibase.ui] Liquibase Version: 4.31.1
[2025-06-09 09:43:05] INFO [liquibase.ui] Liquibase Pro 4.31.1 by Liquibase licensed to Liquibase_SA until Thu Jan 01 04:59:59 GMT 2026
[2025-06-09 09:43:05] INFO [liquibase.integration] Starting command execution.
[2025-06-09 09:43:07] INFO [liquibase.changelog] Reading from BENR.DATABASECHANGELOG
[2025-06-09 09:43:07] INFO [liquibase.lockservice] Successfully acquired change log lock
[2025-06-09 09:43:07] INFO [liquibase.command] Using deploymentId: 9458585040
[2025-06-09 09:43:07] INFO [liquibase.changelog] Reading from BENR.DATABASECHANGELOG
[2025-06-09 09:43:07] INFO [liquibase.ui] Running Changeset: changelog-demo2.xml::001-update-package-v2::dev
[2025-06-09 09:43:08] WARNING [liquibase.executor] Warning: execution completed with warning
[2025-06-09 09:43:08] INFO [liquibase.changelog] SQL in file changes/update-pkg-order-process-v2.sql executed
[2025-06-09 09:43:08] INFO [liquibase.changelog] ChangeSet changelog-demo2.xml::001-update-package-v2::dev ran successfully in 262ms
[2025-06-09 09:43:08] INFO [liquibase.ui] Running Changeset: changelog-demo2.xml::002-drop-status-column::BenR
[2025-06-09 09:43:08] INFO [liquibase.changelog] Column CUSTOMER_ORDERS.status dropped
[2025-06-09 09:43:08] INFO [liquibase.changelog] ChangeSet changelog-demo2.xml::002-drop-status-column::BenR ran successfully in 226ms
[2025-06-09 09:43:08] INFO [liquibase.util] UPDATE SUMMARY
[2025-06-09 09:43:08] INFO [liquibase.util] Run:                          2
[2025-06-09 09:43:08] INFO [liquibase.util] Previously run:               0
[2025-06-09 09:43:08] INFO [liquibase.util] Filtered out:                 0
[2025-06-09 09:43:08] INFO [liquibase.util] Failed deployment:            0
[2025-06-09 09:43:08] INFO [liquibase.util] -------------------------------
[2025-06-09 09:43:08] INFO [liquibase.util] Total change sets:            2
[2025-06-09 09:43:08] INFO [liquibase.util] Update summary generated
[2025-06-09 09:43:08] INFO [liquibase.command] Update command completed successfully.
[2025-06-09 09:43:08] INFO [liquibase.ui] Liquibase: Update has been successful. Rows affected: 2
[2025-06-09 09:43:08] INFO [liquibase.lockservice] Successfully released change log lock
[2025-06-09 09:43:08] INFO [liquibase] Pro Update Report created!
* File '/Users/benriley/Documents/GitHub/GithubActions/Demo2/Update-report-09-Jun-2025-094308.html' was created.
** To suppress Update reports add command arg 'liquibase update --report-enabled=false'
** To suppress all Pro Reports set liquibase.reports.enabled=false, or LIQUIBASE_REPORTS_ENABLED=false
[2025-06-09 09:43:08] INFO [liquibase.ui] Pro Update Report created!
* File '/Users/benriley/Documents/GitHub/GithubActions/Demo2/Update-report-09-Jun-2025-094308.html' was created.
** To suppress Update reports add command arg 'liquibase update --report-enabled=false'
** To suppress all Pro Reports set liquibase.reports.enabled=false, or LIQUIBASE_REPORTS_ENABLED=false
[2025-06-09 09:43:11] INFO [liquibase.command] Command execution complete
[2025-06-09 09:43:12] INFO [liquibase.ui] Logs saved to liquibase.log
[2025-06-09 09:43:12] INFO [liquibase.ui] Liquibase command 'update' was executed successfully.
